// Jest Snapshot v1, https://goo.gl/fbAQLP

exports[`Displays a header called Shopping List 1`] = `
<View
  style={
    Object {
      "backgroundColor": "darkslateblue",
      "height": 60,
      "padding": 15,
    }
  }
>
  <Text
    style={
      Object {
        "color": "#fff",
        "fontSize": 23,
        "textAlign": "center",
      }
    }
  >
    Shopping List
  </Text>
</View>
`;
